// Jest Snapshot v1, https://goo.gl/fbAQLP

exports[`should set nested value creating necessary objects and arrays 1`] = `
Object {
  "prop": Object {
    "path": Array [
      0,
      "a",
      1,
      "b",
    ],
    "type": "primitive",
    "value": "the-value",
  },
}
`;

exports[`should set nested value creating necessary objects and arrays 2`] = `
Object {
  "prop": Object {
    "path": Array [
      0,
    ],
    "type": "map",
    "value": Object {
      "a": Array [
        ,
        Object {
          "b": "the-value",
        },
      ],
    },
  },
}
`;

exports[`should set nested value creating necessary objects and arrays 3`] = `
KvasDataSourceSyncContainer {
  "dataSource": KvasInMemoryJsonDataSource {
    "operations": KvasInMemoryJsonMapOperations {},
    "rootMap": KvasInMemoryJsonMap {
      "host": Array [
        Object {
          "a": Array [
            ,
            Object {
              "b": "the-value",
            },
          ],
        },
      ],
      "icfg": Object {
        "getValueType": [Function],
        "options": Object {
          "ignoreIncompatibleHostAndKey": false,
        },
      },
      "mapType": "array",
    },
  },
}
`;
