// Jest Snapshot v1, https://goo.gl/fbAQLP

exports[`should init defaulting to empty object 1`] = `
Object {
  "prop": Object {
    "path": Array [],
    "type": "map",
    "value": KvasInMemoryJsonMap {
      "host": Object {},
      "icfg": Object {
        "getValueType": [Function],
        "options": Object {
          "ignoreIncompatibleHostAndKey": false,
        },
      },
      "mapType": "object",
      "toJSO": [Function],
    },
  },
}
`;
